<?xml version="1.0" encoding="utf-8"?>
<TestRun id="a71972f3-6058-4de9-a09a-12bd6123ebb5" name="shady@SHADY 2026-07-23 18:07:39" runUser="SHADY\shady" xmlns="http://microsoft.com/schemas/VisualStudio/TeamTest/2010">
  <Times creation="2026-07-23T18:07:39.5545092+03:00" queuing="2026-07-23T18:07:39.5545097+03:00" start="2026-07-23T18:07:36.4893177+03:00" finish="2026-07-23T18:07:39.5599260+03:00" />
  <TestSettings name="default" id="0d9e3564-3c15-49da-bed4-a4f7304bdfef">
    <Deployment runDeploymentRoot="shady_SHADY_2026-07-23_18_07_39" />
  </TestSettings>
  <Results>
    <UnitTestResult executionId="4e6b8a30-8818-4b5a-92d5-64a841e79200" testId="f62487b6-0700-f0f6-131a-2d47474d0309" testName="Investa.Api.IntegrationTests.PaymentsApiTests.ReversePayment_MissingReason_ReturnsBadRequest" computerName="SHADY" duration="00:00:00.0044228" startTime="2026-07-23T18:07:39.4729936+03:00" endTime="2026-07-23T18:07:39.4729939+03:00" testType="13cdc9d9-ddb5-4fa4-a97d-d965ccfc6d4b" outcome="Passed" testListId="8c84fa94-04c1-424b-9868-57a2d4851a1d" relativeResultsDirectory="4e6b8a30-8818-4b5a-92d5-64a841e79200" />
    <UnitTestResult executionId="e3cc37d1-2997-453b-bac0-30d3b5f12b1b" testId="c048b78e-0d61-c9d2-e1d6-fd899a7088da" testName="Investa.Api.IntegrationTests.PaymentsApiTests.RecordPayment_WithValidRequest_ReturnsPaymentTransactionDetailDto" computerName="SHADY" duration="00:00:00.0123798" startTime="2026-07-23T18:07:39.4503575+03:00" endTime="2026-07-23T18:07:39.4503576+03:00" testType="13cdc9d9-ddb5-4fa4-a97d-d965ccfc6d4b" outcome="Failed" testListId="8c84fa94-04c1-424b-9868-57a2d4851a1d" relativeResultsDirectory="e3cc37d1-2997-453b-bac0-30d3b5f12b1b">
      <Output>
        <ErrorInfo>
          <Message>Expected doc.TryGetProperty("id", out _) to be true, but found False.</Message>
          <StackTrace>   at FluentAssertions.Execution.XUnit2TestFramework.Throw(String message)&#xD;
   at FluentAssertions.Execution.TestFrameworkProvider.Throw(String message)&#xD;
   at FluentAssertions.Execution.DefaultAssertionStrategy.HandleFailure(String message)&#xD;
   at FluentAssertions.Execution.AssertionScope.FailWith(Func`1 failReasonFunc)&#xD;
   at FluentAssertions.Execution.AssertionScope.FailWith(Func`1 failReasonFunc)&#xD;
   at FluentAssertions.Execution.AssertionScope.FailWith(String message, Object[] args)&#xD;
   at FluentAssertions.Primitives.BooleanAssertions`1.BeTrue(String because, Object[] becauseArgs)&#xD;
   at Investa.Api.IntegrationTests.PaymentsApiTests.RecordPayment_WithValidRequest_ReturnsPaymentTransactionDetailDto() in C:\github\Investa\Core-BackEnd\Investa.Tests\Investa.Api.IntegrationTests\PaymentsApiTests.cs:line 135&#xD;
--- End of stack trace from previous location ---</StackTrace>
        </ErrorInfo>
      </Output>
    </UnitTestResult>
    <UnitTestResult executionId="36f0e68f-4e6f-4c86-8751-df340167e2a8" testId="aa75efa3-29ab-81bf-55e2-6a6f143b64cf" testName="Investa.Api.IntegrationTests.PaymentsApiTests.ReversePayment_AlreadyReversed_ReturnsConflict" computerName="SHADY" duration="00:00:00.0221471" startTime="2026-07-23T18:07:39.4316420+03:00" endTime="2026-07-23T18:07:39.4316421+03:00" testType="13cdc9d9-ddb5-4fa4-a97d-d965ccfc6d4b" outcome="Passed" testListId="8c84fa94-04c1-424b-9868-57a2d4851a1d" relativeResultsDirectory="36f0e68f-4e6f-4c86-8751-df340167e2a8" />
    <UnitTestResult executionId="939d2f5d-eafb-4c9f-9fd2-fd0b7e873cea" testId="9f01cca1-d564-d1c0-d6f8-7b5e2b285329" testName="Investa.Api.IntegrationTests.PaymentsApiTests.GetInvestorPaymentDetails_AfterRecord_IncludesTransaction" computerName="SHADY" duration="00:00:00.0075459" startTime="2026-07-23T18:07:39.4814098+03:00" endTime="2026-07-23T18:07:39.4814101+03:00" testType="13cdc9d9-ddb5-4fa4-a97d-d965ccfc6d4b" outcome="Failed" testListId="8c84fa94-04c1-424b-9868-57a2d4851a1d" relativeResultsDirectory="939d2f5d-eafb-4c9f-9fd2-fd0b7e873cea">
      <Output>
        <ErrorInfo>
          <Message>Expected response.StatusCode to be HttpStatusCode.OK {value: 200}, but found HttpStatusCode.NotFound {value: 404}.</Message>
          <StackTrace>   at FluentAssertions.Execution.XUnit2TestFramework.Throw(String message)&#xD;
   at FluentAssertions.Execution.TestFrameworkProvider.Throw(String message)&#xD;
   at FluentAssertions.Execution.DefaultAssertionStrategy.HandleFailure(String message)&#xD;
   at FluentAssertions.Execution.AssertionScope.FailWith(Func`1 failReasonFunc)&#xD;
   at FluentAssertions.Execution.AssertionScope.FailWith(Func`1 failReasonFunc)&#xD;
   at FluentAssertions.Execution.AssertionScope.FailWith(String message, Object[] args)&#xD;
   at FluentAssertions.Primitives.EnumAssertions`2.Be(TEnum expected, String because, Object[] becauseArgs)&#xD;
   at Investa.Api.IntegrationTests.PaymentsApiTests.GetInvestorPaymentDetails_AfterRecord_IncludesTransaction() in C:\github\Investa\Core-BackEnd\Investa.Tests\Investa.Api.IntegrationTests\PaymentsApiTests.cs:line 316&#xD;
--- End of stack trace from previous location ---</StackTrace>
        </ErrorInfo>
      </Output>
    </UnitTestResult>
    <UnitTestResult executionId="c602838b-0339-4dd6-aa07-9970a5db49cb" testId="752956c1-df4a-ad01-c4b1-97df1c200322" testName="Investa.Api.IntegrationTests.PaymentsApiTests.RecordPayment_NonExistentParticipation_ReturnsBadRequest" computerName="SHADY" duration="00:00:00.0051399" startTime="2026-07-23T18:07:39.4369562+03:00" endTime="2026-07-23T18:07:39.4369564+03:00" testType="13cdc9d9-ddb5-4fa4-a97d-d965ccfc6d4b" outcome="Passed" testListId="8c84fa94-04c1-424b-9868-57a2d4851a1d" relativeResultsDirectory="c602838b-0339-4dd6-aa07-9970a5db49cb" />
    <UnitTestResult executionId="5eced542-74cc-46c1-a536-7302d731179c" testId="a0686734-abc3-5472-4f8c-076196e3bad2" testName="Investa.Api.IntegrationTests.PaymentsApiTests.RecordPayment_DuplicateReference_ReturnsConflict" computerName="SHADY" duration="00:00:02.2495118" startTime="2026-07-23T18:07:39.3220205+03:00" endTime="2026-07-23T18:07:39.3220728+03:00" testType="13cdc9d9-ddb5-4fa4-a97d-d965ccfc6d4b" outcome="Passed" testListId="8c84fa94-04c1-424b-9868-57a2d4851a1d" relativeResultsDirectory="5eced542-74cc-46c1-a536-7302d731179c" />
    <UnitTestResult executionId="3e31370e-efeb-41a2-bee7-fece27ea8e88" testId="3a1060ad-40fc-a5b9-cd8f-e448e1371fd4" testName="Investa.Api.IntegrationTests.PaymentsApiTests.RecordPayment_WithValidLoanRequest_ReturnsCreatedAndPersistsAllocations" computerName="SHADY" duration="00:00:00.0856406" startTime="2026-07-23T18:07:39.4169084+03:00" endTime="2026-07-23T18:07:39.4169086+03:00" testType="13cdc9d9-ddb5-4fa4-a97d-d965ccfc6d4b" outcome="Failed" testListId="8c84fa94-04c1-424b-9868-57a2d4851a1d" relativeResultsDirectory="3e31370e-efeb-41a2-bee7-fece27ea8e88">
      <Output>
        <ErrorInfo>
          <Message>Expected transactions to contain 1 item(s), but found 2: {&#xD;
    Investa.Domain.Entities.PaymentTransaction&#xD;
    {&#xD;
        Amount = 1200M, &#xD;
        CreatedAt = &lt;2026-07-23 15:07:39.2047216&gt;, &#xD;
        CreatedByUserId = {11111111-1111-1111-1111-111111111111}, &#xD;
        Id = 1, &#xD;
        IsReversed = False, &#xD;
        Notes = &lt;null&gt;, &#xD;
        ParticipationRequest = &lt;null&gt;, &#xD;
        ParticipationRequestId = 1, &#xD;
        PaymentDate = &lt;2026-07-23 15:07:39.0218905&gt;, &#xD;
        Reference = "PAY-DUP-001", &#xD;
        ReversalReason = &lt;null&gt;, &#xD;
        ReversedAt = &lt;null&gt;, &#xD;
        ReversedByUserId = &lt;null&gt;&#xD;
    }, &#xD;
    Investa.Domain.Entities.PaymentTransaction&#xD;
    {&#xD;
        Amount = 1200M, &#xD;
        CreatedAt = &lt;2026-07-23 15:07:39.3480774&gt;, &#xD;
        CreatedByUserId = {11111111-1111-1111-1111-111111111111}, &#xD;
        Id = 2, &#xD;
        IsReversed = False, &#xD;
        Notes = "First monthly payment", &#xD;
        ParticipationRequest = &lt;null&gt;, &#xD;
        ParticipationRequestId = 2, &#xD;
        PaymentDate = &lt;2026-07-23 15:07:39.3328167&gt;, &#xD;
        Reference = "PAY-LOAN-001", &#xD;
        ReversalReason = &lt;null&gt;, &#xD;
        ReversedAt = &lt;null&gt;, &#xD;
        ReversedByUserId = &lt;null&gt;&#xD;
    }&#xD;
}&#xD;
.</Message>
          <StackTrace>   at FluentAssertions.Execution.XUnit2TestFramework.Throw(String message)&#xD;
   at FluentAssertions.Execution.TestFrameworkProvider.Throw(String message)&#xD;
   at FluentAssertions.Execution.DefaultAssertionStrategy.HandleFailure(String message)&#xD;
   at FluentAssertions.Execution.AssertionScope.FailWith(Func`1 failReasonFunc)&#xD;
   at FluentAssertions.Execution.AssertionScope.FailWith(Func`1 failReasonFunc)&#xD;
   at FluentAssertions.Execution.AssertionScope.FailWith(String message, Object[] args)&#xD;
   at FluentAssertions.Collections.GenericCollectionAssertions`3.HaveCount(Int32 expected, String because, Object[] becauseArgs)&#xD;
   at Investa.Api.IntegrationTests.PaymentsApiTests.RecordPayment_WithValidLoanRequest_ReturnsCreatedAndPersistsAllocations() in C:\github\Investa\Core-BackEnd\Investa.Tests\Investa.Api.IntegrationTests\PaymentsApiTests.cs:line 106&#xD;
--- End of stack trace from previous location ---</StackTrace>
        </ErrorInfo>
      </Output>
    </UnitTestResult>
    <UnitTestResult executionId="359e3618-e459-4eae-9831-c0c82d0c0f6e" testId="e9167d9a-c539-e89a-5c97-93a0aafd1b6e" testName="Investa.Api.IntegrationTests.PaymentsApiTests.ReversePayment_WithValidRequest_ReturnsOkAndMarksReversed" computerName="SHADY" duration="00:00:00.0186741" startTime="2026-07-23T18:07:39.4684017+03:00" endTime="2026-07-23T18:07:39.4684018+03:00" testType="13cdc9d9-ddb5-4fa4-a97d-d965ccfc6d4b" outcome="Passed" testListId="8c84fa94-04c1-424b-9868-57a2d4851a1d" relativeResultsDirectory="359e3618-e459-4eae-9831-c0c82d0c0f6e" />
  </Results>
  <TestDefinitions>
    <UnitTest name="Investa.Api.IntegrationTests.PaymentsApiTests.RecordPayment_NonExistentParticipation_ReturnsBadRequest" storage="c:\github\investa\core-backend\investa.tests\investa.api.integrationtests\bin\debug\net10.0\investa.api.integrationtests.dll" id="752956c1-df4a-ad01-c4b1-97df1c200322">
      <Execution id="c602838b-0339-4dd6-aa07-9970a5db49cb" />
      <TestMethod codeBase="C:\github\Investa\Core-BackEnd\Investa.Tests\Investa.Api.IntegrationTests\bin\Debug\net10.0\Investa.Api.IntegrationTests.dll" adapterTypeName="executor://xunit/VsTestRunner2/netcoreapp" className="Investa.Api.IntegrationTests.PaymentsApiTests" name="RecordPayment_NonExistentParticipation_ReturnsBadRequest" />
    </UnitTest>
    <UnitTest name="Investa.Api.IntegrationTests.PaymentsApiTests.ReversePayment_WithValidRequest_ReturnsOkAndMarksReversed" storage="c:\github\investa\core-backend\investa.tests\investa.api.integrationtests\bin\debug\net10.0\investa.api.integrationtests.dll" id="e9167d9a-c539-e89a-5c97-93a0aafd1b6e">
      <Execution id="359e3618-e459-4eae-9831-c0c82d0c0f6e" />
      <TestMethod codeBase="C:\github\Investa\Core-BackEnd\Investa.Tests\Investa.Api.IntegrationTests\bin\Debug\net10.0\Investa.Api.IntegrationTests.dll" adapterTypeName="executor://xunit/VsTestRunner2/netcoreapp" className="Investa.Api.IntegrationTests.PaymentsApiTests" name="ReversePayment_WithValidRequest_ReturnsOkAndMarksReversed" />
    </UnitTest>
    <UnitTest name="Investa.Api.IntegrationTests.PaymentsApiTests.RecordPayment_WithValidRequest_ReturnsPaymentTransactionDetailDto" storage="c:\github\investa\core-backend\investa.tests\investa.api.integrationtests\bin\debug\net10.0\investa.api.integrationtests.dll" id="c048b78e-0d61-c9d2-e1d6-fd899a7088da">
      <Execution id="e3cc37d1-2997-453b-bac0-30d3b5f12b1b" />
      <TestMethod codeBase="C:\github\Investa\Core-BackEnd\Investa.Tests\Investa.Api.IntegrationTests\bin\Debug\net10.0\Investa.Api.IntegrationTests.dll" adapterTypeName="executor://xunit/VsTestRunner2/netcoreapp" className="Investa.Api.IntegrationTests.PaymentsApiTests" name="RecordPayment_WithValidRequest_ReturnsPaymentTransactionDetailDto" />
    </UnitTest>
    <UnitTest name="Investa.Api.IntegrationTests.PaymentsApiTests.GetInvestorPaymentDetails_AfterRecord_IncludesTransaction" storage="c:\github\investa\core-backend\investa.tests\investa.api.integrationtests\bin\debug\net10.0\investa.api.integrationtests.dll" id="9f01cca1-d564-d1c0-d6f8-7b5e2b285329">
      <Execution id="939d2f5d-eafb-4c9f-9fd2-fd0b7e873cea" />
      <TestMethod codeBase="C:\github\Investa\Core-BackEnd\Investa.Tests\Investa.Api.IntegrationTests\bin\Debug\net10.0\Investa.Api.IntegrationTests.dll" adapterTypeName="executor://xunit/VsTestRunner2/netcoreapp" className="Investa.Api.IntegrationTests.PaymentsApiTests" name="GetInvestorPaymentDetails_AfterRecord_IncludesTransaction" />
    </UnitTest>
    <UnitTest name="Investa.Api.IntegrationTests.PaymentsApiTests.ReversePayment_MissingReason_ReturnsBadRequest" storage="c:\github\investa\core-backend\investa.tests\investa.api.integrationtests\bin\debug\net10.0\investa.api.integrationtests.dll" id="f62487b6-0700-f0f6-131a-2d47474d0309">
      <Execution id="4e6b8a30-8818-4b5a-92d5-64a841e79200" />
      <TestMethod codeBase="C:\github\Investa\Core-BackEnd\Investa.Tests\Investa.Api.IntegrationTests\bin\Debug\net10.0\Investa.Api.IntegrationTests.dll" adapterTypeName="executor://xunit/VsTestRunner2/netcoreapp" className="Investa.Api.IntegrationTests.PaymentsApiTests" name="ReversePayment_MissingReason_ReturnsBadRequest" />
    </UnitTest>
    <UnitTest name="Investa.Api.IntegrationTests.PaymentsApiTests.ReversePayment_AlreadyReversed_ReturnsConflict" storage="c:\github\investa\core-backend\investa.tests\investa.api.integrationtests\bin\debug\net10.0\investa.api.integrationtests.dll" id="aa75efa3-29ab-81bf-55e2-6a6f143b64cf">
      <Execution id="36f0e68f-4e6f-4c86-8751-df340167e2a8" />
      <TestMethod codeBase="C:\github\Investa\Core-BackEnd\Investa.Tests\Investa.Api.IntegrationTests\bin\Debug\net10.0\Investa.Api.IntegrationTests.dll" adapterTypeName="executor://xunit/VsTestRunner2/netcoreapp" className="Investa.Api.IntegrationTests.PaymentsApiTests" name="ReversePayment_AlreadyReversed_ReturnsConflict" />
    </UnitTest>
    <UnitTest name="Investa.Api.IntegrationTests.PaymentsApiTests.RecordPayment_WithValidLoanRequest_ReturnsCreatedAndPersistsAllocations" storage="c:\github\investa\core-backend\investa.tests\investa.api.integrationtests\bin\debug\net10.0\investa.api.integrationtests.dll" id="3a1060ad-40fc-a5b9-cd8f-e448e1371fd4">
      <Execution id="3e31370e-efeb-41a2-bee7-fece27ea8e88" />
      <TestMethod codeBase="C:\github\Investa\Core-BackEnd\Investa.Tests\Investa.Api.IntegrationTests\bin\Debug\net10.0\Investa.Api.IntegrationTests.dll" adapterTypeName="executor://xunit/VsTestRunner2/netcoreapp" className="Investa.Api.IntegrationTests.PaymentsApiTests" name="RecordPayment_WithValidLoanRequest_ReturnsCreatedAndPersistsAllocations" />
    </UnitTest>
    <UnitTest name="Investa.Api.IntegrationTests.PaymentsApiTests.RecordPayment_DuplicateReference_ReturnsConflict" storage="c:\github\investa\core-backend\investa.tests\investa.api.integrationtests\bin\debug\net10.0\investa.api.integrationtests.dll" id="a0686734-abc3-5472-4f8c-076196e3bad2">
      <Execution id="5eced542-74cc-46c1-a536-7302d731179c" />
      <TestMethod codeBase="C:\github\Investa\Core-BackEnd\Investa.Tests\Investa.Api.IntegrationTests\bin\Debug\net10.0\Investa.Api.IntegrationTests.dll" adapterTypeName="executor://xunit/VsTestRunner2/netcoreapp" className="Investa.Api.IntegrationTests.PaymentsApiTests" name="RecordPayment_DuplicateReference_ReturnsConflict" />
    </UnitTest>
  </TestDefinitions>
  <TestEntries>
    <TestEntry testId="f62487b6-0700-f0f6-131a-2d47474d0309" executionId="4e6b8a30-8818-4b5a-92d5-64a841e79200" testListId="8c84fa94-04c1-424b-9868-57a2d4851a1d" />
    <TestEntry testId="c048b78e-0d61-c9d2-e1d6-fd899a7088da" executionId="e3cc37d1-2997-453b-bac0-30d3b5f12b1b" testListId="8c84fa94-04c1-424b-9868-57a2d4851a1d" />
    <TestEntry testId="aa75efa3-29ab-81bf-55e2-6a6f143b64cf" executionId="36f0e68f-4e6f-4c86-8751-df340167e2a8" testListId="8c84fa94-04c1-424b-9868-57a2d4851a1d" />
    <TestEntry testId="9f01cca1-d564-d1c0-d6f8-7b5e2b285329" executionId="939d2f5d-eafb-4c9f-9fd2-fd0b7e873cea" testListId="8c84fa94-04c1-424b-9868-57a2d4851a1d" />
    <TestEntry testId="752956c1-df4a-ad01-c4b1-97df1c200322" executionId="c602838b-0339-4dd6-aa07-9970a5db49cb" testListId="8c84fa94-04c1-424b-9868-57a2d4851a1d" />
    <TestEntry testId="a0686734-abc3-5472-4f8c-076196e3bad2" executionId="5eced542-74cc-46c1-a536-7302d731179c" testListId="8c84fa94-04c1-424b-9868-57a2d4851a1d" />
    <TestEntry testId="3a1060ad-40fc-a5b9-cd8f-e448e1371fd4" executionId="3e31370e-efeb-41a2-bee7-fece27ea8e88" testListId="8c84fa94-04c1-424b-9868-57a2d4851a1d" />
    <TestEntry testId="e9167d9a-c539-e89a-5c97-93a0aafd1b6e" executionId="359e3618-e459-4eae-9831-c0c82d0c0f6e" testListId="8c84fa94-04c1-424b-9868-57a2d4851a1d" />
  </TestEntries>
  <TestLists>
    <TestList name="Results Not in a List" id="8c84fa94-04c1-424b-9868-57a2d4851a1d" />
    <TestList name="All Loaded Results" id="19431567-8539-422a-85d7-44ee4e166bda" />
  </TestLists>
  <ResultSummary outcome="Failed">
    <Counters total="8" executed="8" passed="5" failed="3" error="0" timeout="0" aborted="0" inconclusive="0" passedButRunAborted="0" notRunnable="0" notExecuted="0" disconnected="0" warning="0" completed="0" inProgress="0" pending="0" />
    <Output>
      <StdOut>[xUnit.net 00:00:00.00] xUnit.net VSTest Adapter v2.5.3.1+6b60a9e56a (64-bit .NET 10.0.10)&#xD;
[xUnit.net 00:00:00.07]   Discovering: Investa.Api.IntegrationTests&#xD;
[xUnit.net 00:00:00.11]   Discovered:  Investa.Api.IntegrationTests&#xD;
[xUnit.net 00:00:00.11]   Starting:    Investa.Api.IntegrationTests&#xD;
[STARTUP] Environment: Testing&#xD;
[STARTUP] Starting configuration...&#xD;
[STARTUP] Connection String: Server=localhost;Database=InvestaDb;Trusted_Connec...&#xD;
[STARTUP] Configuring database...&#xD;
info: Startup[0]&#xD;
      \ud83d\ude80 Application startup initiated in Testing environment&#xD;
[STARTUP] Using InMemory Database for Testing environment&#xD;
warn: Startup[0]&#xD;
      ⚠️  Firebase service account file not found. Push notifications will be unavailable.&#xD;
warn: Startup[0]&#xD;
         Configure 'Firebase:ServiceAccountPath' in appsettings.json&#xD;
[18:07:38 INF] Saved 10 entities to in-memory store.&#xD;
info: Startup[0]&#xD;
      Company Finance permission backfill added 10 keys: Finance.View, Finance.Create, Finance.EditDraft, Finance.Submit, Finance.Review, Finance.Confirm, Finance.Reverse, Finance.ManageMasterData, Finance.RecordPayment, Finance.ReversePayment&#xD;
[18:07:38 INF] Investment Opportunity backfill completed. Scanned=0, Migrated=0, Skipped=0.&#xD;
info: Startup[0]&#xD;
      Investment Opportunity compatibility backfill result: scanned=0, migrated=0, skipped=0&#xD;
[18:07:38 WRN] Opportunity category backfill skipped: No active OpportunityCategories found.&#xD;
info: Startup[0]&#xD;
      Opportunity category backfill result: scanned=0, validBefore=0, updated=0, skipped=0, categoriesUsed=, errors=No active OpportunityCategories found.&#xD;
[18:07:38 INF] Opportunity product fields backfill completed. Scanned=0, ShortDescriptionPopulated=0, UseOfFundsPopulated=0, EquityOfferedPercentageCalculated=0, Skipped=0, Errors=0.&#xD;
info: Startup[0]&#xD;
      Opportunity product fields backfill result: scanned=0, shortDescriptionPopulated=0, useOfFundsPopulated=0, equityOfferedPercentageCalculated=0, skipped=0, errors=&#xD;
[STARTUP] ✅ Configuration complete&#xD;
[STARTUP] \ud83d\udda5️  Server: desktop-dih7cqh&#xD;
[STARTUP] \ud83c\udf10 Binding: 0.0.0.0:5235&#xD;
[STARTUP] \ud83d\udce1 Access via:&#xD;
[STARTUP]    - http://localhost:5235&#xD;
[STARTUP]    - http://desktop-dih7cqh:5235&#xD;
[STARTUP]    - http://desktop-dih7cqh.local:5235&#xD;
[STARTUP] \ud83c\udfe5 Health: http://desktop-dih7cqh:5235/api/health&#xD;
[STARTUP] Press Ctrl+C to shut down.&#xD;
info: Startup[0]&#xD;
      ✅ Application configured successfully&#xD;
info: Startup[0]&#xD;
      \ud83d\udda5️  Server: desktop-dih7cqh&#xD;
info: Startup[0]&#xD;
      \ud83c\udf10 Binding: 0.0.0.0:5235 (Network accessible)&#xD;
info: Startup[0]&#xD;
      \ud83d\udd14 Push Notifications: Firebase Cloud Messaging (FCM)&#xD;
info: Startup[0]&#xD;
      \ud83c\udfe5 Health: /api/health&#xD;
[18:07:38 INF] User profile is available. Using 'C:\Users\shady\AppData\Local\ASP.NET\DataProtection-Keys' as key repository and Windows DPAPI to encrypt keys at rest.&#xD;
[18:07:38 INF] Application started. Press Ctrl+C to shut down.&#xD;
[18:07:38 INF] Hosting environment: Testing&#xD;
[18:07:38 INF] Content root path: C:\github\Investa\Core-BackEnd\Investa.API&#xD;
[18:07:38 INF] Saved 2 entities to in-memory store.&#xD;
[18:07:39 INF] Saved 1 entities to in-memory store.&#xD;
[18:07:39 INF] Request starting HTTP/1.1 POST http://localhost/api/v1/opportunities/1/payments - application/json; charset=utf-8 113&#xD;
[18:07:39 WRN] Failed to determine the https port for redirect.&#xD;
[18:07:39 INF] Executing endpoint 'Investa.API.Controllers.OpportunitiesController.RecordPayment (Investa.API)'&#xD;
[18:07:39 INF] Route matched with {action = "RecordPayment", controller = "Opportunities"}. Executing controller action with signature System.Threading.Tasks.Task`1[Microsoft.AspNetCore.Mvc.IActionResult] RecordPayment(Int32, Investa.Application.DTOs.RecordPaymentRequest, System.Threading.CancellationToken) on controller Investa.API.Controllers.OpportunitiesController (Investa.API).&#xD;
[18:07:39 INF] Saved 1 entities to in-memory store.&#xD;
[18:07:39 INF] Saved 10 entities to in-memory store.&#xD;
[18:07:39 INF] Executing ObjectResult, writing value of type 'Investa.API.Controllers.ApiResponse`1[[Investa.Application.DTOs.PaymentTransactionDetailDto, Investa.Application, Version=1.0.0.0, Culture=neutral, PublicKeyToken=null]]'.&#xD;
[18:07:39 INF] Executed action Investa.API.Controllers.OpportunitiesController.RecordPayment (Investa.API) in 178.2093ms&#xD;
[18:07:39 INF] Executed endpoint 'Investa.API.Controllers.OpportunitiesController.RecordPayment (Investa.API)'&#xD;
[18:07:39 INF] HTTP POST /api/v1/opportunities/1/payments responded 201 in 241.1719 ms&#xD;
[18:07:39 INF] Request finished HTTP/1.1 POST http://localhost/api/v1/opportunities/1/payments - 201 null application/json; charset=utf-8 249.2694ms&#xD;
[18:07:39 INF] Request starting HTTP/1.1 POST http://localhost/api/v1/opportunities/1/payments - application/json; charset=utf-8 113&#xD;
[18:07:39 INF] Executing endpoint 'Investa.API.Controllers.OpportunitiesController.RecordPayment (Investa.API)'&#xD;
[18:07:39 INF] Route matched with {action = "RecordPayment", controller = "Opportunities"}. Executing controller action with signature System.Threading.Tasks.Task`1[Microsoft.AspNetCore.Mvc.IActionResult] RecordPayment(Int32, Investa.Application.DTOs.RecordPaymentRequest, System.Threading.CancellationToken) on controller Investa.API.Controllers.OpportunitiesController (Investa.API).&#xD;
[18:07:39 INF] Executing ObjectResult, writing value of type 'Investa.API.Controllers.ApiResponse`1[[System.Object, System.Private.CoreLib, Version=10.0.0.0, Culture=neutral, PublicKeyToken=7cec85d7bea7798e]]'.&#xD;
[18:07:39 INF] Executed action Investa.API.Controllers.OpportunitiesController.RecordPayment (Investa.API) in 3.2349ms&#xD;
[18:07:39 INF] Executed endpoint 'Investa.API.Controllers.OpportunitiesController.RecordPayment (Investa.API)'&#xD;
[18:07:39 INF] HTTP POST /api/v1/opportunities/1/payments responded 409 in 12.4389 ms&#xD;
[18:07:39 INF] Request finished HTTP/1.1 POST http://localhost/api/v1/opportunities/1/payments - 409 null application/json; charset=utf-8 12.6957ms&#xD;
[18:07:39 INF] Saved 1 entities to in-memory store.&#xD;
[18:07:39 INF] Saved 1 entities to in-memory store.&#xD;
[18:07:39 INF] Request starting HTTP/1.1 POST http://localhost/api/v1/opportunities/2/payments - application/json; charset=utf-8 146&#xD;
[18:07:39 INF] Executing endpoint 'Investa.API.Controllers.OpportunitiesController.RecordPayment (Investa.API)'&#xD;
[18:07:39 INF] Route matched with {action = "RecordPayment", controller = "Opportunities"}. Executing controller action with signature System.Threading.Tasks.Task`1[Microsoft.AspNetCore.Mvc.IActionResult] RecordPayment(Int32, Investa.Application.DTOs.RecordPaymentRequest, System.Threading.CancellationToken) on controller Investa.API.Controllers.OpportunitiesController (Investa.API).&#xD;
[18:07:39 INF] Saved 1 entities to in-memory store.&#xD;
[18:07:39 INF] Saved 10 entities to in-memory store.&#xD;
[18:07:39 INF] Executing ObjectResult, writing value of type 'Investa.API.Controllers.ApiResponse`1[[Investa.Application.DTOs.PaymentTransactionDetailDto, Investa.Application, Version=1.0.0.0, Culture=neutral, PublicKeyToken=null]]'.&#xD;
[18:07:39 INF] Executed action Investa.API.Controllers.OpportunitiesController.RecordPayment (Investa.API) in 7.1206ms&#xD;
[18:07:39 INF] Executed endpoint 'Investa.API.Controllers.OpportunitiesController.RecordPayment (Investa.API)'&#xD;
[18:07:39 INF] HTTP POST /api/v1/opportunities/2/payments responded 201 in 15.6346 ms&#xD;
[18:07:39 INF] Request finished HTTP/1.1 POST http://localhost/api/v1/opportunities/2/payments - 201 null application/json; charset=utf-8 15.9664ms&#xD;
[18:07:39 INF] Saved 1 entities to in-memory store.&#xD;
[18:07:39 INF] Saved 1 entities to in-memory store.&#xD;
[xUnit.net 00:00:02.50]       Expected transactions to contain 1 item(s), but found 2: {&#xD;
[xUnit.net 00:00:02.50]           Investa.Domain.Entities.PaymentTransaction&#xD;
[xUnit.net 00:00:02.50]           {&#xD;
[xUnit.net 00:00:02.50]               Amount = 1200M, &#xD;
[xUnit.net 00:00:02.50]               CreatedAt = &lt;2026-07-23 15:07:39.2047216&gt;, &#xD;
[xUnit.net 00:00:02.50]               CreatedByUserId = {11111111-1111-1111-1111-111111111111}, &#xD;
[xUnit.net 00:00:02.50]               Id = 1, &#xD;
[xUnit.net 00:00:02.50]               IsReversed = False, &#xD;
[xUnit.net 00:00:02.50]               Notes = &lt;null&gt;, &#xD;
[xUnit.net 00:00:02.50]               ParticipationRequest = &lt;null&gt;, &#xD;
[xUnit.net 00:00:02.50]               ParticipationRequestId = 1, &#xD;
[xUnit.net 00:00:02.50]               PaymentDate = &lt;2026-07-23 15:07:39.0218905&gt;, &#xD;
[xUnit.net 00:00:02.50]               Reference = "PAY-DUP-001", &#xD;
[xUnit.net 00:00:02.50]               ReversalReason = &lt;null&gt;, &#xD;
[xUnit.net 00:00:02.50]               ReversedAt = &lt;null&gt;, &#xD;
[xUnit.net 00:00:02.50]               ReversedByUserId = &lt;null&gt;&#xD;
[xUnit.net 00:00:02.50]           }, &#xD;
[xUnit.net 00:00:02.50]           Investa.Domain.Entities.PaymentTransaction&#xD;
[xUnit.net 00:00:02.50]           {&#xD;
[xUnit.net 00:00:02.50]               Amount = 1200M, &#xD;
[xUnit.net 00:00:02.50]               CreatedAt = &lt;2026-07-23 15:07:39.3480774&gt;, &#xD;
[xUnit.net 00:00:02.50]               CreatedByUserId = {11111111-1111-1111-1111-111111111111}, &#xD;
[xUnit.net 00:00:02.50]               Id = 2, &#xD;
[xUnit.net 00:00:02.50]               IsReversed = False, &#xD;
[xUnit.net 00:00:02.50]               Notes = "First monthly payment", &#xD;
[xUnit.net 00:00:02.50]               ParticipationRequest = &lt;null&gt;, &#xD;
[xUnit.net 00:00:02.50]               ParticipationRequestId = 2, &#xD;
[xUnit.net 00:00:02.50]               PaymentDate = &lt;2026-07-23 15:07:39.3328167&gt;, &#xD;
[xUnit.net 00:00:02.50]               Reference = "PAY-LOAN-001", &#xD;
[xUnit.net 00:00:02.50]               ReversalReason = &lt;null&gt;, &#xD;
[xUnit.net 00:00:02.50]               ReversedAt = &lt;null&gt;, &#xD;
[xUnit.net 00:00:02.50]               ReversedByUserId = &lt;null&gt;&#xD;
[xUnit.net 00:00:02.50]           }&#xD;
[xUnit.net 00:00:02.50]       }&#xD;
[xUnit.net 00:00:02.50]       .&#xD;
[18:07:39 INF] Saved 1 entities to in-memory store.&#xD;
[xUnit.net 00:00:02.50]       Stack Trace:&#xD;
[xUnit.net 00:00:02.50]            at FluentAssertions.Execution.XUnit2TestFramework.Throw(String message)&#xD;
[xUnit.net 00:00:02.50]            at FluentAssertions.Execution.TestFrameworkProvider.Throw(String message)&#xD;
[xUnit.net 00:00:02.50]            at FluentAssertions.Execution.DefaultAssertionStrategy.HandleFailure(String message)&#xD;
[xUnit.net 00:00:02.50]            at FluentAssertions.Execution.AssertionScope.FailWith(Func`1 failReasonFunc)&#xD;
[xUnit.net 00:00:02.50]            at FluentAssertions.Execution.AssertionScope.FailWith(Func`1 failReasonFunc)&#xD;
[xUnit.net 00:00:02.50]            at FluentAssertions.Execution.AssertionScope.FailWith(String message, Object[] args)&#xD;
[xUnit.net 00:00:02.50]            at FluentAssertions.Collections.GenericCollectionAssertions`3.HaveCount(Int32 expected, String because, Object[] becauseArgs)&#xD;
[xUnit.net 00:00:02.50]         C:\github\Investa\Core-BackEnd\Investa.Tests\Investa.Api.IntegrationTests\PaymentsApiTests.cs(106,0): at Investa.Api.IntegrationTests.PaymentsApiTests.RecordPayment_WithValidLoanRequest_ReturnsCreatedAndPersistsAllocations()&#xD;
[xUnit.net 00:00:02.50]         --- End of stack trace from previous location ---&#xD;
[18:07:39 INF] Request starting HTTP/1.1 POST http://localhost/api/v1/opportunities/3/payments/reverse - application/json; charset=utf-8 47&#xD;
[18:07:39 INF] Executing endpoint 'Investa.API.Controllers.OpportunitiesController.ReversePayment (Investa.API)'&#xD;
[18:07:39 INF] Route matched with {action = "ReversePayment", controller = "Opportunities"}. Executing controller action with signature System.Threading.Tasks.Task`1[Microsoft.AspNetCore.Mvc.IActionResult] ReversePayment(Int32, Investa.Application.DTOs.ReversePaymentRequest, System.Threading.CancellationToken) on controller Investa.API.Controllers.OpportunitiesController (Investa.API).&#xD;
[18:07:39 INF] Executing ObjectResult, writing value of type 'Investa.API.Controllers.ApiResponse`1[[System.Object, System.Private.CoreLib, Version=10.0.0.0, Culture=neutral, PublicKeyToken=7cec85d7bea7798e]]'.&#xD;
[18:07:39 INF] Executed action Investa.API.Controllers.OpportunitiesController.ReversePayment (Investa.API) in 9.1824ms&#xD;
[18:07:39 INF] Executed endpoint 'Investa.API.Controllers.OpportunitiesController.ReversePayment (Investa.API)'&#xD;
[18:07:39 INF] HTTP POST /api/v1/opportunities/3/payments/reverse responded 409 in 13.5886 ms&#xD;
[18:07:39 INF] Request finished HTTP/1.1 POST http://localhost/api/v1/opportunities/3/payments/reverse - 409 null application/json; charset=utf-8 13.7909ms&#xD;
[18:07:39 INF] Saved 1 entities to in-memory store.&#xD;
[18:07:39 INF] Saved 1 entities to in-memory store.&#xD;
[18:07:39 INF] Request starting HTTP/1.1 POST http://localhost/api/v1/opportunities/4/payments - application/json; charset=utf-8 91&#xD;
[18:07:39 INF] Executing endpoint 'Investa.API.Controllers.OpportunitiesController.RecordPayment (Investa.API)'&#xD;
[18:07:39 INF] Route matched with {action = "RecordPayment", controller = "Opportunities"}. Executing controller action with signature System.Threading.Tasks.Task`1[Microsoft.AspNetCore.Mvc.IActionResult] RecordPayment(Int32, Investa.Application.DTOs.RecordPaymentRequest, System.Threading.CancellationToken) on controller Investa.API.Controllers.OpportunitiesController (Investa.API).&#xD;
[18:07:39 INF] Executing ObjectResult, writing value of type 'Investa.API.Controllers.ApiResponse`1[[System.Object, System.Private.CoreLib, Version=10.0.0.0, Culture=neutral, PublicKeyToken=7cec85d7bea7798e]]'.&#xD;
[18:07:39 INF] Executed action Investa.API.Controllers.OpportunitiesController.RecordPayment (Investa.API) in 1.0674ms&#xD;
[18:07:39 INF] Executed endpoint 'Investa.API.Controllers.OpportunitiesController.RecordPayment (Investa.API)'&#xD;
[18:07:39 INF] HTTP POST /api/v1/opportunities/4/payments responded 400 in 1.7353 ms&#xD;
[18:07:39 INF] Request finished HTTP/1.1 POST http://localhost/api/v1/opportunities/4/payments - 400 null application/json; charset=utf-8 1.9076ms&#xD;
[18:07:39 INF] Saved 1 entities to in-memory store.&#xD;
[18:07:39 INF] Saved 1 entities to in-memory store.&#xD;
[18:07:39 INF] Request starting HTTP/1.1 POST http://localhost/api/v1/opportunities/5/payments - application/json; charset=utf-8 113&#xD;
[18:07:39 INF] Executing endpoint 'Investa.API.Controllers.OpportunitiesController.RecordPayment (Investa.API)'&#xD;
[18:07:39 INF] Route matched with {action = "RecordPayment", controller = "Opportunities"}. Executing controller action with signature System.Threading.Tasks.Task`1[Microsoft.AspNetCore.Mvc.IActionResult] RecordPayment(Int32, Investa.Application.DTOs.RecordPaymentRequest, System.Threading.CancellationToken) on controller Investa.API.Controllers.OpportunitiesController (Investa.API).&#xD;
[18:07:39 INF] Saved 1 entities to in-memory store.&#xD;
[18:07:39 INF] Saved 5 entities to in-memory store.&#xD;
[18:07:39 INF] Executing ObjectResult, writing value of type 'Investa.API.Controllers.ApiResponse`1[[Investa.Application.DTOs.PaymentTransactionDetailDto, Investa.Application, Version=1.0.0.0, Culture=neutral, PublicKeyToken=null]]'.&#xD;
[18:07:39 INF] Executed action Investa.API.Controllers.OpportunitiesController.RecordPayment (Investa.API) in 6.3526ms&#xD;
[18:07:39 INF] Executed endpoint 'Investa.API.Controllers.OpportunitiesController.RecordPayment (Investa.API)'&#xD;
[18:07:39 INF] HTTP POST /api/v1/opportunities/5/payments responded 201 in 7.0112 ms&#xD;
[18:07:39 INF] Request finished HTTP/1.1 POST http://localhost/api/v1/opportunities/5/payments - 201 null application/json; charset=utf-8 7.1725ms&#xD;
[xUnit.net 00:00:02.53]       Expected doc.TryGetProperty("id", out _) to be true, but found False.&#xD;
[xUnit.net 00:00:02.53]       Stack Trace:&#xD;
[xUnit.net 00:00:02.53]            at FluentAssertions.Execution.XUnit2TestFramework.Throw(String message)&#xD;
[xUnit.net 00:00:02.53]            at FluentAssertions.Execution.TestFrameworkProvider.Throw(String message)&#xD;
[xUnit.net 00:00:02.53]            at FluentAssertions.Execution.DefaultAssertionStrategy.HandleFailure(String message)&#xD;
[xUnit.net 00:00:02.53]            at FluentAssertions.Execution.AssertionScope.FailWith(Func`1 failReasonFunc)&#xD;
[xUnit.net 00:00:02.53]            at FluentAssertions.Execution.AssertionScope.FailWith(Func`1 failReasonFunc)&#xD;
[xUnit.net 00:00:02.53]            at FluentAssertions.Execution.AssertionScope.FailWith(String message, Object[] args)&#xD;
[xUnit.net 00:00:02.53]            at FluentAssertions.Primitives.BooleanAssertions`1.BeTrue(String because, Object[] becauseArgs)&#xD;
[18:07:39 INF] Saved 1 entities to in-memory store.&#xD;
[xUnit.net 00:00:02.53]         C:\github\Investa\Core-BackEnd\Investa.Tests\Investa.Api.IntegrationTests\PaymentsApiTests.cs(135,0): at Investa.Api.IntegrationTests.PaymentsApiTests.RecordPayment_WithValidRequest_ReturnsPaymentTransactionDetailDto()&#xD;
[18:07:39 INF] Saved 1 entities to in-memory store.&#xD;
[xUnit.net 00:00:02.53]         --- End of stack trace from previous location ---&#xD;
[18:07:39 INF] Saved 1 entities to in-memory store.&#xD;
[18:07:39 INF] Request starting HTTP/1.1 POST http://localhost/api/v1/opportunities/6/payments/reverse - application/json; charset=utf-8 63&#xD;
[18:07:39 INF] Executing endpoint 'Investa.API.Controllers.OpportunitiesController.ReversePayment (Investa.API)'&#xD;
[18:07:39 INF] Route matched with {action = "ReversePayment", controller = "Opportunities"}. Executing controller action with signature System.Threading.Tasks.Task`1[Microsoft.AspNetCore.Mvc.IActionResult] ReversePayment(Int32, Investa.Application.DTOs.ReversePaymentRequest, System.Threading.CancellationToken) on controller Investa.API.Controllers.OpportunitiesController (Investa.API).&#xD;
[18:07:39 INF] Saved 1 entities to in-memory store.&#xD;
[18:07:39 INF] Executing ObjectResult, writing value of type 'Investa.API.Controllers.ApiResponse`1[[Investa.Application.DTOs.PaymentTransactionDetailDto, Investa.Application, Version=1.0.0.0, Culture=neutral, PublicKeyToken=null]]'.&#xD;
[18:07:39 INF] Executed action Investa.API.Controllers.OpportunitiesController.ReversePayment (Investa.API) in 7.1443ms&#xD;
[18:07:39 INF] Executed endpoint 'Investa.API.Controllers.OpportunitiesController.ReversePayment (Investa.API)'&#xD;
[18:07:39 INF] HTTP POST /api/v1/opportunities/6/payments/reverse responded 200 in 8.4414 ms&#xD;
[18:07:39 INF] Request finished HTTP/1.1 POST http://localhost/api/v1/opportunities/6/payments/reverse - 200 null application/json; charset=utf-8 8.607ms&#xD;
[18:07:39 INF] Saved 1 entities to in-memory store.&#xD;
[18:07:39 INF] Saved 1 entities to in-memory store.&#xD;
[18:07:39 INF] Saved 1 entities to in-memory store.&#xD;
[18:07:39 INF] Request starting HTTP/1.1 POST http://localhost/api/v1/opportunities/7/payments/reverse - application/json; charset=utf-8 38&#xD;
[18:07:39 INF] Executing endpoint 'Investa.API.Controllers.OpportunitiesController.ReversePayment (Investa.API)'&#xD;
[18:07:39 INF] Route matched with {action = "ReversePayment", controller = "Opportunities"}. Executing controller action with signature System.Threading.Tasks.Task`1[Microsoft.AspNetCore.Mvc.IActionResult] ReversePayment(Int32, Investa.Application.DTOs.ReversePaymentRequest, System.Threading.CancellationToken) on controller Investa.API.Controllers.OpportunitiesController (Investa.API).&#xD;
[18:07:39 INF] Executing ObjectResult, writing value of type 'Investa.API.Controllers.ApiResponse`1[[System.Object, System.Private.CoreLib, Version=10.0.0.0, Culture=neutral, PublicKeyToken=7cec85d7bea7798e]]'.&#xD;
[18:07:39 INF] Executed action Investa.API.Controllers.OpportunitiesController.ReversePayment (Investa.API) in 1.0608ms&#xD;
[18:07:39 INF] Executed endpoint 'Investa.API.Controllers.OpportunitiesController.ReversePayment (Investa.API)'&#xD;
[18:07:39 INF] HTTP POST /api/v1/opportunities/7/payments/reverse responded 400 in 1.4641 ms&#xD;
[18:07:39 INF] Request finished HTTP/1.1 POST http://localhost/api/v1/opportunities/7/payments/reverse - 400 null application/json; charset=utf-8 1.591ms&#xD;
[18:07:39 INF] Saved 1 entities to in-memory store.&#xD;
[18:07:39 INF] Saved 1 entities to in-memory store.&#xD;
[18:07:39 INF] Saved 1 entities to in-memory store.&#xD;
[18:07:39 INF] Saved 3 entities to in-memory store.&#xD;
[18:07:39 INF] Request starting HTTP/1.1 GET http://localhost/api/v1/opportunities/8/payments/investor/11111111-1111-1111-1111-111111111111 - null null&#xD;
[18:07:39 INF] HTTP GET /api/v1/opportunities/8/payments/investor/11111111-1111-1111-1111-111111111111 responded 404 in 2.0230 ms&#xD;
[18:07:39 INF] Request finished HTTP/1.1 GET http://localhost/api/v1/opportunities/8/payments/investor/11111111-1111-1111-1111-111111111111 - 404 null null 2.3428ms&#xD;
[18:07:39 INF] Request reached the end of the middleware pipeline without being handled by application code. Request path: GET http://localhost/api/v1/opportunities/8/payments/investor/11111111-1111-1111-1111-111111111111, Response status code: 404&#xD;
[xUnit.net 00:00:02.56]       Expected response.StatusCode to be HttpStatusCode.OK {value: 200}, but found HttpStatusCode.NotFound {value: 404}.&#xD;
[xUnit.net 00:00:02.56]       Stack Trace:&#xD;
[xUnit.net 00:00:02.56]            at FluentAssertions.Execution.XUnit2TestFramework.Throw(String message)&#xD;
[xUnit.net 00:00:02.56]            at FluentAssertions.Execution.TestFrameworkProvider.Throw(String message)&#xD;
[xUnit.net 00:00:02.56]            at FluentAssertions.Execution.DefaultAssertionStrategy.HandleFailure(String message)&#xD;
[xUnit.net 00:00:02.56]            at FluentAssertions.Execution.AssertionScope.FailWith(Func`1 failReasonFunc)&#xD;
[xUnit.net 00:00:02.56]            at FluentAssertions.Execution.AssertionScope.FailWith(Func`1 failReasonFunc)&#xD;
[xUnit.net 00:00:02.56]            at FluentAssertions.Execution.AssertionScope.FailWith(String message, Object[] args)&#xD;
[xUnit.net 00:00:02.56]            at FluentAssertions.Primitives.EnumAssertions`2.Be(TEnum expected, String because, Object[] becauseArgs)&#xD;
[xUnit.net 00:00:02.56]         C:\github\Investa\Core-BackEnd\Investa.Tests\Investa.Api.IntegrationTests\PaymentsApiTests.cs(316,0): at Investa.Api.IntegrationTests.PaymentsApiTests.GetInvestorPaymentDetails_AfterRecord_IncludesTransaction()&#xD;
[xUnit.net 00:00:02.56]         --- End of stack trace from previous location ---&#xD;
[18:07:39 INF] Application is shutting down...&#xD;
[SHUTDOWN] Application stopped gracefully.&#xD;
[SHUTDOWN] Flushing logs...&#xD;
[xUnit.net 00:00:02.57]   Finished:    Investa.Api.IntegrationTests&#xD;
</StdOut>
    </Output>
    <RunInfos>
      <RunInfo computerName="SHADY" outcome="Error" timestamp="2026-07-23T18:07:39.4138005+03:00">
        <Text>[xUnit.net 00:00:02.50]     Investa.Api.IntegrationTests.PaymentsApiTests.RecordPayment_WithValidLoanRequest_ReturnsCreatedAndPersistsAllocations [FAIL]</Text>
      </RunInfo>
      <RunInfo computerName="SHADY" outcome="Error" timestamp="2026-07-23T18:07:39.4503325+03:00">
        <Text>[xUnit.net 00:00:02.53]     Investa.Api.IntegrationTests.PaymentsApiTests.RecordPayment_WithValidRequest_ReturnsPaymentTransactionDetailDto [FAIL]</Text>
      </RunInfo>
      <RunInfo computerName="SHADY" outcome="Error" timestamp="2026-07-23T18:07:39.4812857+03:00">
        <Text>[xUnit.net 00:00:02.56]     Investa.Api.IntegrationTests.PaymentsApiTests.GetInvestorPaymentDetails_AfterRecord_IncludesTransaction [FAIL]</Text>
      </RunInfo>
    </RunInfos>
  </ResultSummary>
</TestRun>